// Jest Snapshot v1, https://goo.gl/fbAQLP

exports[`<ButtonDrawer /> should render button drawer default 1`] = `
<button
  class="ant-btn ant-btn-icon-only"
  type="button"
>
  <span
    aria-label="menu"
    class="anticon anticon-menu"
    role="img"
  >
    <svg
      aria-hidden="true"
      data-icon="menu"
      fill="currentColor"
      focusable="false"
      height="1em"
      viewBox="64 64 896 896"
      width="1em"
    >
      <path
        d="M904 160H120c-4.4 0-8 3.6-8 8v64c0 4.4 3.6 8 8 8h784c4.4 0 8-3.6 8-8v-64c0-4.4-3.6-8-8-8zm0 624H120c-4.4 0-8 3.6-8 8v64c0 4.4 3.6 8 8 8h784c4.4 0 8-3.6 8-8v-64c0-4.4-3.6-8-8-8zm0-312H120c-4.4 0-8 3.6-8 8v64c0 4.4 3.6 8 8 8h784c4.4 0 8-3.6 8-8v-64c0-4.4-3.6-8-8-8z"
      />
    </svg>
  </span>
</button>
`
