// Jest Snapshot v1, https://goo.gl/fbAQLP

exports[`<Header /> should render header default 1`] = `
.c0 {
  display: -webkit-box;
  display: -webkit-flex;
  display: -ms-flexbox;
  display: flex;
  -webkit-align-items: center;
  -webkit-box-align: center;
  -ms-flex-align: center;
  align-items: center;
  -webkit-box-pack: space-around;
  -webkit-justify-content: space-around;
  -ms-flex-pack: space-around;
  justify-content: space-around;
}

<header
  class="ant-layout-header c0"
  data-testid="header-id"
  justifycontent="space-around"
>
  <div />
</header>
`
