// Jest Snapshot v1, https://goo.gl/fbAQLP

exports[`<DrawerMobile /> should render drawer mobile default 1`] = `null`
